AssertionError [ERR_ASSERTION]: admin/dashboard/1440
+ actual - expected

+ [
+   {
+     id: 'color-contrast',
+     targets: [
+       [
+         '.badge-danger'
+       ]
+     ]
+   }
+ ]
- []

    at scan (C:\Users\Mister Naveed\OneDrive\Desktop\FIJLY\qa\studio-v1.cjs:36:12)
    at runNextTicks (node:internal/process/task_queues:65:5)
    at process.processImmediate (node:internal/timers:472:9)
    at async C:\Users\Mister Naveed\OneDrive\Desktop\FIJLY\qa\studio-v1.cjs:50:9 {
  generatedMessage: false,
  code: 'ERR_ASSERTION',
  actual: [Array],
  expected: [],
  operator: 'deepStrictEqual',
  diff: 'simple'
}
