{
  "checks": [
    {
      "validation": {
        "rollover date": true,
        "invalid date": true,
        "invalid reference": true,
        "incomplete link": true,
        "invalid workspace email": true,
        "invalid default length": true,
        "approve outside review": true,
        "script review outside Client Review": true,
        "attachment names normalized": true
      }
    },
    {
      "dbValidation": {
        "invalid client email": true,
        "invalid client website": true,
        "invalid studio email": true,
        "fractional turnaround": true,
        "invalid length": true,
        "completed version": true,
        "completed revision": true,
        "completed transition": true,
        "completed request edit": true,
        "production idempotent": true,
        "no draft review": true,
        "no draft ready": true,
        "unsubscribe works": true
      }
    },
    "Two client tabs submitting at once both persist; each tab sees both after a refresh",
    "New client filters refresh, profile asset count updates on refresh, a deletion made elsewhere closes the stale asset editor",
    "Long title/instructions, repeated submit and dialog wrapping at all five widths",
    "Approval/close returns visible keyboard focus; route changes close modal details",
    "Empty database: all 9 Admin screens render, Dashboard shows zeros, assets ask for a client first",
    "Integrity checks pass; inactive-client analytics and seeded completion dates are accurate",
    "Assets use cards on mobile and tables on desktop; analytics retain readable columns"
  ],
  "scans": 1,
  "errors": [],
  "failedRequests": [],
  "cancelledResourcesChecked": [
    "http://localhost:8766/assets/concept-clouddesk.svg",
    "http://localhost:8766/assets/concept-taskpilot.svg",
    "http://localhost:8766/assets/concept-finly.svg"
  ]
}
