{
  "checks": [
    "Assets search, client/category filters, five sort orders, empty state and reset",
    "Real upload to Storage (client folder, typed from extension), validation messages under the picker, image thumbnail, signed download in a new tab, delete removes file and row",
    "Asset creation from an uploaded file, required-name validation, cancel, and in-place edit",
    "Delete requires confirmation; cancel keeps the record, confirm removes it",
    "All assets resolve to an existing client record",
    "Admin assets persist in the database across reloads; the client can open and sign the uploaded file",
    "Analytics KPIs, status breakdown, trend and client table derive from shared records; client and range filters scope them",
    "Settings save, survive reload, reject invalid email and turnaround, and discard restores",
    "Workflow defaults persist to admin_settings; unsaved edits survive a data refresh",
    "1440px: Assets, Analytics and Settings render without page overflow",
    "1024px: Assets, Analytics and Settings render without page overflow",
    "768px: Assets, Analytics and Settings render without page overflow",
    "390px: Assets, Analytics and Settings render without page overflow",
    "320px: Assets, Analytics and Settings render without page overflow"
  ],
  "scans": 9,
  "errors": []
}
